// Jest Snapshot v1, https://goo.gl/fbAQLP

exports[`NotFoundPage render 1`] = `
Object {
  "asFragment": [Function],
  "baseElement": <body>
    <div>
      <main
        class="grid min-h-full place-items-center bg-white px-6 py-24 sm:py-32 lg:px-8"
      >
        <div
          class="text-center"
        >
          <p
            class="text-base font-semibold text-indigo-600"
          >
            404
          </p>
          <h1
            class="mt-4 text-3xl font-bold tracking-tight text-gray-900 sm:text-5xl"
          >
            Page not found
          </h1>
          <p
            class="mt-6 text-base leading-7 text-gray-600"
          >
            Sorry, we couldn’t find the page you’re looking for.
          </p>
          <div
            class="mt-10 flex items-center justify-center gap-x-6"
          >
            <a
              class="rounded-md bg-indigo-600 px-3.5 py-2.5 text-sm font-semibold text-white shadow-sm hover:bg-indigo-500 focus-visible:outline focus-visible:outline-2 focus-visible:outline-offset-2 focus-visible:outline-indigo-600"
              href="/"
            >
              Go back home
            </a>
          </div>
        </div>
      </main>
    </div>
  </body>,
  "container": <div>
    <main
      class="grid min-h-full place-items-center bg-white px-6 py-24 sm:py-32 lg:px-8"
    >
      <div
        class="text-center"
      >
        <p
          class="text-base font-semibold text-indigo-600"
        >
          404
        </p>
        <h1
          class="mt-4 text-3xl font-bold tracking-tight text-gray-900 sm:text-5xl"
        >
          Page not found
        </h1>
        <p
          class="mt-6 text-base leading-7 text-gray-600"
        >
          Sorry, we couldn’t find the page you’re looking for.
        </p>
        <div
          class="mt-10 flex items-center justify-center gap-x-6"
        >
          <a
            class="rounded-md bg-indigo-600 px-3.5 py-2.5 text-sm font-semibold text-white shadow-sm hover:bg-indigo-500 focus-visible:outline focus-visible:outline-2 focus-visible:outline-offset-2 focus-visible:outline-indigo-600"
            href="/"
          >
            Go back home
          </a>
        </div>
      </div>
    </main>
  </div>,
  "debug": [Function],
  "findAllByAltText": [Function],
  "findAllByDisplayValue": [Function],
  "findAllByLabelText": [Function],
  "findAllByPlaceholderText": [Function],
  "findAllByRole": [Function],
  "findAllByTestId": [Function],
  "findAllByText": [Function],
  "findAllByTitle": [Function],
  "findByAltText": [Function],
  "findByDisplayValue": [Function],
  "findByLabelText": [Function],
  "findByPlaceholderText": [Function],
  "findByRole": [Function],
  "findByTestId": [Function],
  "findByText": [Function],
  "findByTitle": [Function],
  "getAllByAltText": [Function],
  "getAllByDisplayValue": [Function],
  "getAllByLabelText": [Function],
  "getAllByPlaceholderText": [Function],
  "getAllByRole": [Function],
  "getAllByTestId": [Function],
  "getAllByText": [Function],
  "getAllByTitle": [Function],
  "getByAltText": [Function],
  "getByDisplayValue": [Function],
  "getByLabelText": [Function],
  "getByPlaceholderText": [Function],
  "getByRole": [Function],
  "getByTestId": [Function],
  "getByText": [Function],
  "getByTitle": [Function],
  "queryAllByAltText": [Function],
  "queryAllByDisplayValue": [Function],
  "queryAllByLabelText": [Function],
  "queryAllByPlaceholderText": [Function],
  "queryAllByRole": [Function],
  "queryAllByTestId": [Function],
  "queryAllByText": [Function],
  "queryAllByTitle": [Function],
  "queryByAltText": [Function],
  "queryByDisplayValue": [Function],
  "queryByLabelText": [Function],
  "queryByPlaceholderText": [Function],
  "queryByRole": [Function],
  "queryByTestId": [Function],
  "queryByText": [Function],
  "queryByTitle": [Function],
  "rerender": [Function],
  "unmount": [Function],
}
`;
